// Vitest Snapshot v1, https://vitest.dev/guide/snapshot.html

exports[`adjuncts > Kueq áma fâ sóaq. 1`] = `"𝑡 ⇐ ⟦tuom⟧, 𝑃 ⇐ ⟦áma⟧; 𝑄 ⇐ sóaq; 𝑄 ⇒ sóaq, 𝑄 ⇒ máq; ⟦da⟧ (λ𝑤 ∀𝑎 𝑎 ≺ 𝑃 𝑤 → (∀𝑏 𝑏 ≺ 𝑄 𝑤 → (∃𝑒 ⟦tam⟧ 𝑤 (λ𝑒' ⟦kueq⟧ 𝑤 (𝑃 𝑤) 𝑒' ∧ (∃𝑒'' overlap 𝑤 𝑒'' 𝑒' ∧ ⟦fa⟧ 𝑤 𝑏 𝑎 𝑒'')) 𝑡 𝑒)))"`;

exports[`adjuncts > Marao úmo gâq nhána. 1`] = `"𝑡 ⇐ ⟦tuom⟧, 𝑃 ⇐ ⟦úmo⟧, 𝑄 ⇐ ⟦nhána⟧; ⟦da⟧ (λ𝑤 ∀𝑎 𝑎 ≺ 𝑃 𝑤 → (∀𝑏 𝑏 ≺ 𝑄 𝑤 → (∃𝑒 ⟦tam⟧ 𝑤 (λ𝑒' ⟦marao⟧ 𝑤 𝑎 𝑒' ∧ (∃𝑒'' overlap 𝑤 𝑒'' 𝑒' ∧ ⟦gaq⟧ 𝑤 𝑏 𝑎 𝑒'')) 𝑡 𝑒)))"`;

exports[`adjuncts > Nuo súq dûo géodıo. 1`] = `"𝑡 ⇐ ⟦tuom⟧, 𝑃 ⇐ ⟦súq⟧; 𝑄 ⇐ géodıo; 𝑄 ⇒ géodıo, 𝑄 ⇒ tá; ⟦da⟧ (λ𝑤 ∀𝑎 𝑎 ≺ 𝑃 𝑤 → (∀𝑏 𝑏 ≺ 𝑄 𝑤 → (∃𝑒 ⟦tam⟧ 𝑤 (λ𝑒' ⟦nuo⟧ 𝑤 𝑎 𝑒' ∧ (∃𝑒'' ⟦duo⟧ 𝑤 𝑏 𝑒' 𝑒'')) 𝑡 𝑒)))"`;

exports[`cleft verb > Ní shatı nä loı jí hóa. 1`] = `"λ𝑤 (𝑡 ⇐ ⟦tuom⟧, 𝑃 ⇐ ⟦ní⟧ (λ𝑃 ∀𝑎 𝑎 ≺ 𝑃 𝑤 → (∃𝑒 ⟦tam⟧ 𝑤 (⟦shatı⟧ 𝑤 𝑎) 𝑡 𝑒)), 𝑡' ⇐ ⟦tuom⟧, 𝑄 ⇐ ⟦jí⟧; 𝑃 ⇒ shátı, 𝑃 ⇒ máq; ⟦da⟧ (λ𝑤' ∀𝑎 𝑎 ≺ 𝑄 𝑤' → (∀𝑏 𝑏 ≺ 𝑃 𝑤' → (∃𝑒 ⟦tam⟧ 𝑤' (⟦loı⟧ 𝑤' 𝑏 𝑎) 𝑡' 𝑒))))"`;

exports[`cleft verb > Sá rua nä maı tú apı rúa. 1`] = `"𝑡 ⇐ ⟦tuom⟧, 𝑡' ⇐ ⟦tuom⟧, 𝑡'' ⇐ ⟦tuom⟧; ⟦da⟧ (λ𝑤 ∃𝑃 (∀𝑎 𝑎 ≺ 𝑃 𝑤 → (∃𝑒 ⟦tam⟧ 𝑤 (⟦rua⟧ 𝑤 𝑎) 𝑡 𝑒)) ∧ (∀𝑄 (∃𝑒 ⟦tam⟧ 𝑤 (⟦apı⟧ 𝑤 (𝑄 𝑤)) 𝑡'' 𝑒) → (∀𝑎 𝑎 ≺ 𝑃 𝑤 → (∃𝑒 ⟦tam⟧ 𝑤 (⟦maı⟧ 𝑤 𝑎 (𝑄 𝑤)) 𝑡' 𝑒))))"`;

exports[`conjunctions > Ao jea súq shíukune rí góso? 1`] = `"𝑃 ⇐ accessibility, 𝑄 ⇐ salient, 𝑡 ⇐ ⟦tuom⟧, 𝑅 ⇐ ⟦súq⟧; 𝑆 ⇐ shíukune; 𝑆 ⇒ shíukune; 𝑇 ⇐ góso; 𝑇 ⇒ góso, 𝑇 ⇒ hó; bg (⟦da⟧ (λ𝑤 ¬(𝑄 𝑤))), ⟦móq⟧ (λ𝑤 qn (λ𝑈 𝑈 = (λ𝑉 𝑉 𝑆) ∨ 𝑈 = (λ𝑉 𝑉 𝑇)) (λ𝑈 ∀𝑤' 𝑃 𝑤 𝑤' ∧ 𝑄 𝑤' → (∃𝑒 𝑈 (λ𝑉 λ𝑤'' neg (λ𝑤''' λ𝑒' ∃𝑎 𝑎 ≺ 𝑅 𝑤'' ∧ (∃𝑏 𝑏 ≺ 𝑉 𝑤'' ∧ neg (λ𝑤'''' ⟦tam⟧ 𝑤'''' (⟦jea⟧ 𝑤'''' 𝑏 𝑎) 𝑡) 𝑤''' 𝑒')) 𝑤'') 𝑤' 𝑒)))"`;

exports[`conjunctions > Aona tú Toaqpoq kéo sía Lojıbaqpoq sáose. 1`] = `"𝑡 ⇐ ⟦tuom⟧, 𝑡' ⇐ ⟦tuom⟧, 𝑡'' ⇐ ⟦tuom⟧; 𝑃 ⇐ sáose; 𝑃 ⇒ sáose, 𝑃 ⇒ tá; λ𝑤 (bg (contrast (λ𝑄 neg (λ𝑤' λ𝑒 ∃𝑅 (∃𝑒' ⟦tam⟧ 𝑤 (⟦toaqpoq⟧ 𝑤 (𝑅 𝑤)) 𝑡' 𝑒') ∧ neg (𝑄 (λ𝑤'' [𝑅 𝑤''])) 𝑤' 𝑒)) (λ𝑄 neg (λ𝑤' λ𝑒 ∃𝑅 (∀𝑎 𝑎 ≺ 𝑅 𝑤 → (∃𝑒' ⟦tam⟧ 𝑤 (⟦lojıbaqpoq⟧ 𝑤 𝑎) 𝑡'' 𝑒')) ∧ 𝑄 (λ𝑤'' 𝑅 𝑤'') 𝑤' 𝑒))), ⟦da⟧ (λ𝑤' (∀𝑄 (∃𝑒 ⟦tam⟧ 𝑤 (⟦toaqpoq⟧ 𝑤 (𝑄 𝑤)) 𝑡' 𝑒) → (∀𝑎 𝑎 ≺ 𝑃 𝑤' → (∃𝑒 ⟦tam⟧ 𝑤' (⟦aona⟧ 𝑤' 𝑎 [𝑄 𝑤']) 𝑡 𝑒))) ∧ (∀𝑄 (∀𝑎 𝑎 ≺ 𝑄 𝑤 → (∃𝑒 ⟦tam⟧ 𝑤 (⟦lojıbaqpoq⟧ 𝑤 𝑎) 𝑡'' 𝑒)) → (∃𝑎 𝑎 ≺ 𝑃 𝑤' ∧ ¬(∃𝑒 ⟦tam⟧ 𝑤' (⟦aona⟧ 𝑤' 𝑎 (𝑄 𝑤')) 𝑡 𝑒)))))"`;

exports[`conjunctions > Jara kúne rú koı jí. 1`] = `"𝑡 ⇐ ⟦tuom⟧, 𝑡' ⇐ ⟦tuom⟧, 𝑃 ⇐ ⟦jí⟧; 𝑄 ⇐ kúne; 𝑄 ⇒ kúne, 𝑄 ⇒ hó; ⟦da⟧ (λ𝑤 (∀𝑎 𝑎 ≺ 𝑄 𝑤 → (∃𝑒 ⟦tam⟧ 𝑤 (⟦jara⟧ 𝑤 𝑎) 𝑡 𝑒)) ∧ (∀𝑎 𝑎 ≺ 𝑃 𝑤 → (∃𝑒 ⟦tam⟧ 𝑤 (⟦koı⟧ 𝑤 𝑎) 𝑡' 𝑒)))"`;

exports[`conjunctions > Kueq jí róı súq. 1`] = `"𝑡 ⇐ ⟦tuom⟧, 𝑃 ⇐ ⟦jí⟧, 𝑄 ⇐ ⟦súq⟧; λ𝑤 𝑃 𝑤 ∪ 𝑄 𝑤 ⇒ hụ́roı; ⟦da⟧ (λ𝑤 ∃𝑒 ⟦tam⟧ 𝑤 (⟦kueq⟧ 𝑤 (𝑃 𝑤 ∪ 𝑄 𝑤)) 𝑡 𝑒)"`;

exports[`conjunctions > Kueq nhána bûı túq jıo kéo gûq sía hoe. 1`] = `"𝑡 ⇐ ⟦tuom⟧, 𝑃 ⇐ ⟦nhána⟧, 𝑡' ⇐ ⟦tuom⟧, 𝑡'' ⇐ ⟦tuom⟧; λ𝑤 (λ𝑤' [𝑎 | 𝑎 ⇐ universe, ∃𝑒 ⟦tam⟧ 𝑤' (⟦jıo⟧ 𝑤' 𝑎) 𝑡' 𝑒] ⇒ jío, λ𝑤' [𝑎 | 𝑎 ⇐ universe, ∃𝑒 ⟦tam⟧ 𝑤' (⟦jıo⟧ 𝑤' 𝑎) 𝑡' 𝑒] ⇒ máq; λ𝑤' (bg (contrast (λ𝑄 neg (λ𝑤'' λ𝑒 ∃𝑎 (∃𝑒' ⟦tam⟧ 𝑤' (⟦jıo⟧ 𝑤' 𝑎) 𝑡' 𝑒') ∧ neg (𝑄 (λ𝑤''' λ𝑒' ∃𝑒'' ⟦buı⟧ 𝑤''' 𝑎 𝑒' 𝑒'')) 𝑤'' 𝑒)) (λ𝑄 neg (λ𝑤'' λ𝑒 ∃𝑅 (∀𝑎 𝑎 ≺ 𝑅 𝑤' → (∃𝑒' ⟦tam⟧ 𝑤' (⟦hoe⟧ 𝑤' 𝑎) 𝑡'' 𝑒')) ∧ 𝑄 (λ𝑤''' neg (λ𝑤'''' λ𝑒' ∃𝑎 𝑎 ≺ 𝑅 𝑤''' ∧ neg (λ𝑤''''' λ𝑒'' ∃𝑒''' ⟦guq⟧ 𝑤''''' 𝑎 𝑒'' 𝑒''') 𝑤'''' 𝑒') 𝑤''') 𝑤'' 𝑒))), ⟦da⟧ (λ𝑤'' (∀𝑎 (∃𝑒 ⟦tam⟧ 𝑤' (⟦jıo⟧ 𝑤' 𝑎) 𝑡' 𝑒) → (∃𝑒 ⟦tam⟧ 𝑤'' (λ𝑒' ⟦kueq⟧ 𝑤'' (𝑃 𝑤'') 𝑒' ∧ (∃𝑒'' ⟦buı⟧ 𝑤'' 𝑎 𝑒' 𝑒'')) 𝑡 𝑒)) ∧ (∀𝑄 (∀𝑎 𝑎 ≺ 𝑄 𝑤' → (∃𝑒 ⟦tam⟧ 𝑤' (⟦hoe⟧ 𝑤' 𝑎) 𝑡'' 𝑒)) → ¬(∃𝑒 ⟦tam⟧ 𝑤'' (λ𝑒' ⟦kueq⟧ 𝑤'' (𝑃 𝑤'') 𝑒' ∧ neg (λ𝑤''' λ𝑒'' ∃𝑎 𝑎 ≺ 𝑄 𝑤'' ∧ neg (λ𝑤'''' λ𝑒''' ∃𝑒'''' ⟦guq⟧ 𝑤'''' 𝑎 𝑒''' 𝑒'''') 𝑤''' 𝑒'') 𝑤'' 𝑒') 𝑡 𝑒)))))"`;

exports[`conjunctions > Kıa ra kuo máq. 1`] = `"𝑡 ⇐ ⟦tuom⟧; 𝑃 ⇐ máq; 𝑃 ⇒ máq; ⟦da⟧ (λ𝑤 (∀𝑎 𝑎 ≺ 𝑃 𝑤 → (∃𝑒 ⟦tam⟧ 𝑤 (⟦kıa⟧ 𝑤 𝑎) 𝑡 𝑒)) ∨ (∀𝑎 𝑎 ≺ 𝑃 𝑤 → (∃𝑒 ⟦tam⟧ 𝑤 (⟦kuo⟧ 𝑤 𝑎) 𝑡 𝑒)))"`;

exports[`conjunctions > Marao báq poq, rú de póq. 1`] = `"𝑡 ⇐ ⟦tuom⟧, 𝑡' ⇐ ⟦tuom⟧, 𝑡'' ⇐ ⟦tuom⟧; λ𝑤 (𝑃 ⇐ new (λ𝑃 ∀𝑎 𝑎 ≺ 𝑃 𝑤 → (∃𝑒 ⟦tam⟧ 𝑤 (⟦poq⟧ 𝑤 𝑎) 𝑡' 𝑒)); 𝑃 ⇒ póq, 𝑃 ⇒ hó; ⟦da⟧ (λ𝑤' (∀𝑎 𝑎 ≺ 𝑃 𝑤' → (∃𝑒 ⟦tam⟧ 𝑤' (⟦marao⟧ 𝑤' 𝑎) 𝑡 𝑒)) ∧ (∀𝑎 𝑎 ≺ 𝑃 𝑤' → (∃𝑒 ⟦tam⟧ 𝑤' (⟦de⟧ 𝑤' 𝑎) 𝑡'' 𝑒))))"`;

exports[`conjunctions > Marao jí rú súq. 1`] = `"𝑡 ⇐ ⟦tuom⟧, 𝑃 ⇐ ⟦jí⟧, 𝑄 ⇐ ⟦súq⟧; ⟦da⟧ (λ𝑤 (∀𝑎 𝑎 ≺ 𝑃 𝑤 → (∃𝑒 ⟦tam⟧ 𝑤 (⟦marao⟧ 𝑤 𝑎) 𝑡 𝑒)) ∧ (∀𝑎 𝑎 ≺ 𝑄 𝑤 → (∃𝑒 ⟦tam⟧ 𝑤 (⟦marao⟧ 𝑤 𝑎) 𝑡 𝑒)))"`;

exports[`conjunctions > Maı jí róı súq chéq. 1`] = `"𝑡 ⇐ ⟦tuom⟧, 𝑃 ⇐ ⟦jí⟧, 𝑄 ⇐ ⟦súq⟧; λ𝑤 𝑃 𝑤 ∪ 𝑄 𝑤 ⇒ hụ́roı; ⟦da⟧ (λ𝑤 ∀𝑎 𝑎 ≺ 𝑃 𝑤 ∨ 𝑎 ≺ 𝑄 𝑤 → (∀𝑏 (𝑏 ≺ 𝑃 𝑤 ∨ 𝑏 ≺ 𝑄 𝑤) ∧ 𝑏 ≠ 𝑎 → (∃𝑒 ⟦tam⟧ 𝑤 (⟦maı⟧ 𝑤 𝑏 𝑎) 𝑡 𝑒)))"`;

exports[`conjunctions > Tua sı jí súq rá nháo hụ́ra. 1`] = `"𝑡 ⇐ ⟦tuom⟧, 𝑃 ⇐ ⟦jí⟧, 𝑄 ⇐ ⟦súq⟧, 𝑅 ⇐ ⟦nháo⟧; ⟦da⟧ (λ𝑤 (∀𝑎 𝑎 ≺ 𝑃 𝑤 → (∀𝑏 𝑏 ≺ 𝑄 𝑤 → (∀𝑐 𝑐 ≺ 𝑄 𝑤 → (∃𝑒 ⟦tam⟧ 𝑤 (λ𝑒' ∃𝑑 ⟦ꝡä⟧ 𝑤 (λ𝑤' ∃𝑒'' ⟦sı⟧ 𝑤' 𝑐 𝑏 𝑒'') 𝑑 ∧ ⟦tua⟧ 𝑤 𝑑 𝑎 𝑒') 𝑡 𝑒)))) ∨ (∀𝑎 𝑎 ≺ 𝑃 𝑤 → (∀𝑏 𝑏 ≺ 𝑅 𝑤 → (∀𝑐 𝑐 ≺ 𝑅 𝑤 → (∃𝑒 ⟦tam⟧ 𝑤 (λ𝑒' ∃𝑑 ⟦ꝡä⟧ 𝑤 (λ𝑤' ∃𝑒'' ⟦sı⟧ 𝑤' 𝑐 𝑏 𝑒'') 𝑑 ∧ ⟦tua⟧ 𝑤 𝑑 𝑎 𝑒') 𝑡 𝑒)))))"`;

exports[`content clauses > Cho jí, ꝡá fıeq jí báq zu. 1`] = `"𝑡 ⇐ ⟦tuom⟧, 𝑃 ⇐ ⟦jí⟧, 𝑡' ⇐ ⟦tuom⟧, 𝑄 ⇐ ⟦jí⟧, 𝑡'' ⇐ ⟦tuom⟧; λ𝑤 (𝑅, 𝑆 ⇐ new (λ𝑅, 𝑆 (∀𝑎 𝑎 ≺ 𝑅 𝑤 → (∃𝑒 ⟦tam⟧ 𝑤 (⟦zu⟧ 𝑤 𝑎) 𝑡'' 𝑒)) ∧ (∀𝑎 𝑎 ≺ 𝑆 𝑤 → ⟦ꝡä⟧ 𝑤 (λ𝑤' ∀𝑏 𝑏 ≺ 𝑄 𝑤' → (∀𝑐 𝑐 ≺ 𝑅 𝑤' → (∃𝑒 ⟦tam⟧ 𝑤' (⟦fıeq⟧ 𝑤' 𝑐 𝑏) 𝑡' 𝑒))) 𝑎)); 𝑅 ⇒ zú, 𝑅 ⇒ hóq, 𝑆 ⇒ hụ́ꝡa; ⟦da⟧ (λ𝑤' ∀𝑎 𝑎 ≺ 𝑃 𝑤' → (∀𝑏 𝑏 ≺ 𝑆 𝑤' → (∃𝑒 ⟦tam⟧ 𝑤' (⟦cho⟧ 𝑤' 𝑏 𝑎) 𝑡 𝑒))))"`;

exports[`donkey anaphora > Do tú poq, ꝡë bo bâq aqshe, ꝡë bua hóa báq dueq, hóa, áqshe dúeq. 1`] = `"𝑡 ⇐ ⟦tuom⟧, 𝑡' ⇐ ⟦tuom⟧, 𝑡'' ⇐ ⟦tuom⟧, 𝑡''' ⇐ ⟦tuom⟧, 𝑡'''' ⇐ ⟦tuom⟧, 𝑡''''' ⇐ ⟦tuom⟧; ⟦da⟧ (λ𝑤 ∀𝑄, 𝑅, 𝑃 (∀𝑎 𝑎 ≺ 𝑄 𝑤 → (∃𝑒 ⟦tam⟧ 𝑤 (⟦dueq⟧ 𝑤 𝑎) 𝑡''''' 𝑒)) ∧ (∀𝑎 𝑎 ≺ 𝑅 𝑤 → (∃𝑒 ⟦tam⟧ 𝑤 (⟦aqshe⟧ 𝑤 𝑎) 𝑡''' 𝑒)) ∧ (∀𝑎 𝑎 ≺ 𝑅 𝑤 → (∀𝑏 𝑏 ≺ 𝑄 𝑤 → (∃𝑒 ⟦tam⟧ 𝑤 (⟦bua⟧ 𝑤 𝑏 𝑎) 𝑡'''' 𝑒))) ∧ (∃𝑒 ⟦tam⟧ 𝑤 (⟦poq⟧ 𝑤 (𝑃 𝑤)) 𝑡' 𝑒) ∧ (∃𝑒 ⟦tam⟧ 𝑤 (neg (λ𝑤' λ𝑒' ∃𝑎 𝑎 ≺ 𝑅 𝑤 ∧ neg (λ𝑤'' λ𝑒'' ⟦bo⟧ 𝑤'' 𝑎 (𝑃 𝑤) 𝑒'') 𝑤' 𝑒') 𝑤) 𝑡'' 𝑒) → (∀𝑎 𝑎 ≺ 𝑅 𝑤 → (∀𝑏 𝑏 ≺ 𝑄 𝑤 → (∃𝑒 ⟦tam⟧ 𝑤 (⟦do⟧ 𝑤 𝑏 𝑎 (𝑃 𝑤)) 𝑡 𝑒))))"`;

exports[`donkey anaphora > Kueq túq poq, ꝡë bo hóa báq taqchao. Ꝡa puı máq. 1`] = `"𝑡 ⇐ ⟦tuom⟧, 𝑡' ⇐ ⟦tuom⟧, 𝑡'' ⇐ ⟦tuom⟧, 𝑡''' ⇐ ⟦tuom⟧, 𝑡'''' ⇐ ⟦tuom⟧; λ𝑤 (λ𝑤' [𝑎 | 𝑎, 𝑏 ⇐ universe, (∃𝑒 ⟦tam⟧ 𝑤' (⟦taqchao⟧ 𝑤' 𝑎) 𝑡''' 𝑒) ∧ (∃𝑒 ⟦tam⟧ 𝑤' (⟦poq⟧ 𝑤' 𝑏) 𝑡' 𝑒) ∧ (∃𝑒 ⟦tam⟧ 𝑤' (⟦bo⟧ 𝑤' 𝑎 𝑏) 𝑡'' 𝑒)] ⇒ táqchao, λ𝑤' [𝑎 | 𝑎, 𝑏 ⇐ universe, (∃𝑒 ⟦tam⟧ 𝑤' (⟦taqchao⟧ 𝑤' 𝑎) 𝑡''' 𝑒) ∧ (∃𝑒 ⟦tam⟧ 𝑤' (⟦poq⟧ 𝑤' 𝑏) 𝑡' 𝑒) ∧ (∃𝑒 ⟦tam⟧ 𝑤' (⟦bo⟧ 𝑤' 𝑎 𝑏) 𝑡'' 𝑒)] ⇒ máq, λ𝑤' [𝑏 | 𝑎, 𝑏 ⇐ universe, (∃𝑒 ⟦tam⟧ 𝑤' (⟦taqchao⟧ 𝑤' 𝑎) 𝑡''' 𝑒) ∧ (∃𝑒 ⟦tam⟧ 𝑤' (⟦poq⟧ 𝑤' 𝑏) 𝑡' 𝑒) ∧ (∃𝑒 ⟦tam⟧ 𝑤' (⟦bo⟧ 𝑤' 𝑎 𝑏) 𝑡'' 𝑒)] ⇒ póq, λ𝑤' [𝑏 | 𝑎, 𝑏 ⇐ universe, (∃𝑒 ⟦tam⟧ 𝑤' (⟦taqchao⟧ 𝑤' 𝑎) 𝑡''' 𝑒) ∧ (∃𝑒 ⟦tam⟧ 𝑤' (⟦poq⟧ 𝑤' 𝑏) 𝑡' 𝑒) ∧ (∃𝑒 ⟦tam⟧ 𝑤' (⟦bo⟧ 𝑤' 𝑎 𝑏) 𝑡'' 𝑒)] ⇒ hó; ⟦da⟧ (λ𝑤' ∃𝑒 ⟦tam⟧ 𝑤' (⟦kueq⟧ 𝑤' [𝑏 | 𝑎, 𝑏 ⇐ universe, (∃𝑒' ⟦tam⟧ 𝑤' (⟦taqchao⟧ 𝑤' 𝑎) 𝑡''' 𝑒') ∧ (∃𝑒' ⟦tam⟧ 𝑤' (⟦poq⟧ 𝑤' 𝑏) 𝑡' 𝑒') ∧ (∃𝑒' ⟦tam⟧ 𝑤' (⟦bo⟧ 𝑤' 𝑎 𝑏) 𝑡'' 𝑒')]) 𝑡 𝑒), ⟦da⟧ (λ𝑤' ∃𝑒 ⟦tam⟧ 𝑤' (⟦puı⟧ 𝑤' [𝑎 | 𝑎, 𝑏 ⇐ universe, (∃𝑒' ⟦tam⟧ 𝑤' (⟦taqchao⟧ 𝑤' 𝑎) 𝑡''' 𝑒') ∧ (∃𝑒' ⟦tam⟧ 𝑤' (⟦poq⟧ 𝑤' 𝑏) 𝑡' 𝑒') ∧ (∃𝑒' ⟦tam⟧ 𝑤' (⟦bo⟧ 𝑤' 𝑎 𝑏) 𝑡'' 𝑒')]) 𝑡'''' 𝑒))"`;

exports[`donkey anaphora > Kıaı tú poq, ꝡë bo hóa báq aqshe, áqshe. 1`] = `"𝑡 ⇐ ⟦tuom⟧, 𝑡' ⇐ ⟦tuom⟧, 𝑡'' ⇐ ⟦tuom⟧, 𝑡''' ⇐ ⟦tuom⟧; ⟦da⟧ (λ𝑤 ∀𝑃, 𝑄 (∀𝑎 𝑎 ≺ 𝑃 𝑤 → (∃𝑒 ⟦tam⟧ 𝑤 (⟦aqshe⟧ 𝑤 𝑎) 𝑡''' 𝑒)) ∧ (∃𝑒 ⟦tam⟧ 𝑤 (⟦poq⟧ 𝑤 (𝑄 𝑤)) 𝑡' 𝑒) ∧ (∀𝑎 𝑎 ≺ 𝑃 𝑤 → (∃𝑒 ⟦tam⟧ 𝑤 (⟦bo⟧ 𝑤 𝑎 (𝑄 𝑤)) 𝑡'' 𝑒)) → (∀𝑎 𝑎 ≺ 𝑃 𝑤 → (∃𝑒 ⟦tam⟧ 𝑤 (⟦kıaı⟧ 𝑤 𝑎 (𝑄 𝑤)) 𝑡 𝑒)))"`;

exports[`donkey anaphora > Shê, ꝡä Toaq há, nä bo hó sá toakue. 1`] = `"𝑃 ⇐ accessibility, 𝑡 ⇐ ⟦tuom⟧, 𝑄 ⇐ salient, 𝑡' ⇐ ⟦tuom⟧, 𝑡'' ⇐ ⟦tuom⟧; ⟦da⟧ (λ𝑤 ∀𝑅, 𝑤' 𝑄 𝑤 (𝑅 𝑤) ∧ (∀𝑎 𝑎 ≺ 𝑅 𝑤 → animate 𝑤 𝑎) ∧ 𝑃 𝑤 𝑤' ∧ (∀𝑎 𝑎 ≺ 𝑅 𝑤' → (∃𝑒 ⟦tam⟧ 𝑤' (⟦Toaq⟧ 𝑤' 𝑎) 𝑡 𝑒)) → (∃𝑆 (∀𝑎 𝑎 ≺ 𝑆 𝑤 → (∃𝑒 ⟦tam⟧ 𝑤 (⟦toakue⟧ 𝑤 𝑎) 𝑡'' 𝑒)) ∧ (∀𝑎 𝑎 ≺ 𝑅 𝑤' → (∀𝑏 𝑏 ≺ 𝑆 𝑤' → (∃𝑒 ⟦tam⟧ 𝑤' (⟦bo⟧ 𝑤' 𝑏 𝑎) 𝑡' 𝑒)))))"`;

exports[`donkey anaphora > Shê, ꝡä bo báq poq báq aqshe, nä kıaı póq áqshe. 1`] = `"𝑃 ⇐ accessibility, 𝑡 ⇐ ⟦tuom⟧, 𝑡' ⇐ ⟦tuom⟧, 𝑡'' ⇐ ⟦tuom⟧, 𝑡''' ⇐ ⟦tuom⟧; ⟦da⟧ (λ𝑤 ∀𝑄, 𝑅, 𝑤' (∀𝑎 𝑎 ≺ 𝑄 𝑤 → (∃𝑒 ⟦tam⟧ 𝑤 (⟦poq⟧ 𝑤 𝑎) 𝑡' 𝑒)) ∧ (∀𝑎 𝑎 ≺ 𝑅 𝑤 → (∃𝑒 ⟦tam⟧ 𝑤 (⟦aqshe⟧ 𝑤 𝑎) 𝑡'' 𝑒)) ∧ 𝑃 𝑤 𝑤' ∧ (∀𝑎 𝑎 ≺ 𝑄 𝑤' → (∀𝑏 𝑏 ≺ 𝑅 𝑤' → (∃𝑒 ⟦tam⟧ 𝑤' (⟦bo⟧ 𝑤' 𝑏 𝑎) 𝑡 𝑒))) → (∀𝑎 𝑎 ≺ 𝑄 𝑤' → (∀𝑏 𝑏 ≺ 𝑅 𝑤' → (∃𝑒 ⟦tam⟧ 𝑤' (⟦kıaı⟧ 𝑤' 𝑏 𝑎) 𝑡''' 𝑒))))"`;

exports[`event accessors > Gaı jí é sı sía mea nhána jí. 1`] = `"𝑡 ⇐ ⟦tuom⟧, 𝑃 ⇐ ⟦jí⟧, 𝑡' ⇐ ⟦tuom⟧, 𝑄 ⇐ ⟦nhána⟧, 𝑅 ⇐ ⟦jí⟧; λ𝑤 (𝑡'', 𝑆 ⇐ new (λ𝑡'', 𝑆 ∀𝑎 𝑎 ≺ 𝑆 𝑤 → (∃𝑒 𝑒 = 𝑎 ∧ neg (λ𝑤' λ𝑒' ∃𝑇 (∀𝑏 𝑏 ≺ 𝑇 𝑤 → (∃𝑒'' ⟦tam⟧ 𝑤 (λ𝑒''' ⟦mea⟧ 𝑤 (𝑄 𝑤) 𝑏 𝑒''') 𝑡' 𝑒'')) ∧ τ 𝑒' ⊆ 𝑡'' ∧ neg (λ𝑤'' λ𝑒'' ∃𝑏 𝑏 ≺ 𝑇 𝑤' ∧ (∃𝑐 𝑐 ≺ 𝑅 𝑤' ∧ neg (λ𝑤''' ⟦sı⟧ 𝑤''' 𝑐 𝑏) 𝑤'' 𝑒'')) 𝑤' 𝑒') 𝑤 𝑒)); 𝑆 ⇒ hụ́e; ⟦da⟧ (λ𝑤' ∀𝑎 𝑎 ≺ 𝑃 𝑤' → (∀𝑏 𝑏 ≺ 𝑆 𝑤' → (∃𝑒 ⟦tam⟧ 𝑤' (⟦gaı⟧ 𝑤' 𝑏 𝑎) 𝑡 𝑒))))"`;

exports[`event accessors > Nıe jí jío dûo hú ë ruqshua. 1`] = `"λ𝑤 (𝑡 ⇐ ⟦tuom⟧, 𝑃 ⇐ ⟦jí⟧, 𝑡', 𝑄 ⇐ ⟦hú⟧ (λ𝑡', 𝑄 ∀𝑎 𝑎 ≺ 𝑄 𝑤 → (∃𝑒 𝑒 = 𝑎 ∧ τ 𝑒 ⊆ 𝑡' ∧ ⟦ruqshua⟧ 𝑤 𝑒)); 𝑄 ⇒ hụ́e; 𝑅 ⇐ jío; 𝑅 ⇒ jío, 𝑅 ⇒ máq; ⟦da⟧ (λ𝑤' ∀𝑎 𝑎 ≺ 𝑃 𝑤' → (∀𝑏 𝑏 ≺ 𝑅 𝑤' → (∀𝑐 𝑐 ≺ 𝑄 𝑤' → (∃𝑒 ⟦tam⟧ 𝑤' (λ𝑒' ⟦nıe⟧ 𝑤' 𝑏 𝑎 𝑒' ∧ (∃𝑒'' ⟦duo⟧ 𝑤' 𝑐 𝑒' 𝑒'')) 𝑡 𝑒)))))"`;

exports[`fronted adjuncts > Dûo kóacao nä bu sula nıaoshua. 1`] = `"𝑃 ⇐ kóacao; 𝑃 ⇒ kóacao, 𝑃 ⇒ hóq; ⟦da⟧ (λ𝑤 ∀𝑎 𝑎 ≺ 𝑃 𝑤 → (∃𝑒 (∃𝑒' ⟦duo⟧ 𝑤 𝑎 𝑒 𝑒') ∧ neg (λ𝑤' ⟦sula⟧ (⟦tam⟧ 𝑤' (⟦nıaoshua⟧ 𝑤'))) 𝑤 𝑒))"`;

exports[`interjections > Aojaı jí, eju… pó ní. 1`] = `"λ𝑤 (𝑡 ⇐ ⟦tuom⟧, 𝑃 ⇐ ⟦jí⟧, 𝑡' ⇐ ⟦tuom⟧, 𝑄 ⇐ salient, 𝑡'' ⇐ ⟦tuom⟧, 𝑅 ⇐ ⟦ní⟧ (λ𝑅 ∀𝑎 𝑎 ≺ 𝑅 𝑤 → (∃𝑒 ⟦tam⟧ 𝑤 (⟦raı⟧ 𝑤 𝑎) 𝑡'' 𝑒)); ⟦eju⟧; λ𝑤' (𝑆 ⇐ new (λ𝑆 ∃𝑒 ⟦tam⟧ 𝑤' (λ𝑒' 𝑄 𝑤' (𝑅 𝑤') (𝑆 𝑤') 𝑒') 𝑡' 𝑒); 𝑆 ⇒ tá; ⟦da⟧ (λ𝑤'' ∀𝑎 𝑎 ≺ 𝑆 𝑤'' → (∃𝑒 ⟦tam⟧ 𝑤'' (⟦aojaı⟧ 𝑤'' 𝑎 (𝑃 𝑤'')) 𝑡 𝑒))))"`;

exports[`interjections > Dua jí ꝡá nho, ruqshua. 1`] = `"𝑡 ⇐ ⟦tuom⟧, 𝑃 ⇐ ⟦jí⟧, 𝑡' ⇐ ⟦tuom⟧; ⟦nho⟧; λ𝑤 (𝑄 ⇐ new (λ𝑄 ∀𝑎 𝑎 ≺ 𝑄 𝑤 → ⟦ꝡä⟧ 𝑤 (λ𝑤' ∃𝑒 ⟦tam⟧ 𝑤' (⟦ruqshua⟧ 𝑤') 𝑡' 𝑒) 𝑎); 𝑄 ⇒ hụ́ꝡa; ⟦da⟧ (λ𝑤' ∀𝑎 𝑎 ≺ 𝑃 𝑤' → (∀𝑏 𝑏 ≺ 𝑄 𝑤' → (∃𝑒 ⟦tam⟧ 𝑤' (⟦dua⟧ 𝑤' 𝑏 𝑎) 𝑡 𝑒))))"`;

exports[`interjections > Áhı? 1`] = `"ask ⟦ahı⟧"`;

exports[`interjections > Âhı. 1`] = `"empathize ⟦ahı⟧"`;

exports[`name verbs > Mı Kuna jí. 1`] = `"𝑡 ⇐ ⟦tuom⟧, 𝑃 ⇐ ⟦jí⟧; ⟦da⟧ (λ𝑤 ∀𝑎 𝑎 ≺ 𝑃 𝑤 → (∃𝑒 ⟦tam⟧ 𝑤 (⟦mı⟧ 𝑤 "Kuna" 𝑎) 𝑡 𝑒))"`;

exports[`name verbs > Mıru Kuna jí. 1`] = `"𝑡 ⇐ ⟦tuom⟧, 𝑃 ⇐ ⟦jí⟧; ⟦da⟧ (λ𝑤 ∀𝑎 𝑎 ≺ 𝑃 𝑤 → (∃𝑒 ⟦tam⟧ 𝑤 (⟦mıru⟧ 𝑤 "Kuna" 𝑎) 𝑡 𝑒))"`;

exports[`object incorporation > Họqdua sía poq. 1`] = `"𝑡 ⇐ ⟦tuom⟧, 𝑡' ⇐ ⟦tuom⟧; 𝑃 ⇐ hóq; 𝑃 ⇒ hóq; ⟦da⟧ (λ𝑤 ∀𝑄 (∀𝑎 𝑎 ≺ 𝑄 𝑤 → (∃𝑒 ⟦tam⟧ 𝑤 (⟦poq⟧ 𝑤 𝑎) 𝑡' 𝑒)) → (∃𝑎 𝑎 ≺ 𝑄 𝑤 ∧ (∃𝑏 𝑏 ≺ 𝑃 𝑤 ∧ ¬(∃𝑒 ⟦tam⟧ 𝑤 (⟦dua⟧ 𝑤 𝑏 𝑎) 𝑡 𝑒))))"`;

exports[`object incorporation > Marao sá poq gûq sîa hoe. 1`] = `"𝑡 ⇐ ⟦tuom⟧, 𝑡' ⇐ ⟦tuom⟧, 𝑡'' ⇐ ⟦tuom⟧; ⟦da⟧ (λ𝑤 ∃𝑃 (∀𝑎 𝑎 ≺ 𝑃 𝑤 → (∃𝑒 ⟦tam⟧ 𝑤 (⟦poq⟧ 𝑤 𝑎) 𝑡' 𝑒)) ∧ (∀𝑎 𝑎 ≺ 𝑃 𝑤 → (∃𝑒 ⟦tam⟧ 𝑤 (λ𝑒' ⟦marao⟧ 𝑤 𝑎 𝑒' ∧ (∀𝑄 (∀𝑏 𝑏 ≺ 𝑄 𝑤 → (∃𝑒'' ⟦tam⟧ 𝑤 (⟦hoe⟧ 𝑤 𝑏) 𝑡'' 𝑒'')) → (∃𝑏 𝑏 ≺ 𝑄 𝑤 ∧ ¬(∃𝑒'' ⟦guq⟧ 𝑤 𝑏 𝑒' 𝑒'')))) 𝑡 𝑒)))"`;

exports[`object incorporation > Rụınua hôq jí nháo. 1`] = `"𝑡 ⇐ ⟦tuom⟧, 𝑃 ⇐ ⟦jí⟧, 𝑄 ⇐ ⟦nháo⟧; 𝑅 ⇐ hóq; 𝑅 ⇒ hóq; ⟦da⟧ (λ𝑤 ∀𝑎 𝑎 ≺ 𝑃 𝑤 → (∀𝑏 𝑏 ≺ 𝑄 𝑤 → (∀𝑐 𝑐 ≺ 𝑅 𝑤 → (∃𝑒 ⟦tam⟧ 𝑤 (⟦ruı-⟧ (⟦nua⟧ 𝑤) 𝑐 𝑏 𝑎) 𝑡 𝑒))))"`;

exports[`object incorporation > Sạtao súq râq tú raı ba. 1`] = `"𝑡 ⇐ ⟦tuom⟧, 𝑃 ⇐ ⟦súq⟧, 𝑡' ⇐ ⟦tuom⟧, 𝑡'' ⇐ ⟦tuom⟧; ⟦ba⟧ (λ𝑤 ∀𝑄 (∃𝑒 ⟦tam⟧ 𝑤 (⟦raı⟧ 𝑤 (𝑄 𝑤)) 𝑡'' 𝑒) → (∀𝑎 𝑎 ≺ 𝑃 𝑤 → (∃𝑒 ⟦tam⟧ 𝑤 (λ𝑒' (∃𝑅 (∀𝑏 𝑏 ≺ 𝑅 𝑤 → (∃𝑒'' ⟦tam⟧ 𝑤 (⟦raı⟧ 𝑤 𝑏) 𝑡' 𝑒'')) ∧ neg (λ𝑤' λ𝑒'' ∃𝑏 𝑏 ≺ 𝑅 𝑤 ∧ neg (λ𝑤'' λ𝑒''' ⟦tao⟧ 𝑤'' 𝑏 𝑎 𝑒''') 𝑤' 𝑒'') 𝑤 𝑒') ∧ (∃𝑒'' ⟦raq⟧ 𝑤 (𝑄 𝑤) 𝑒' 𝑒'')) 𝑡 𝑒)))"`;

exports[`parentheticals > Kóacao (kïo he cho jí báq koacao kı) bï baı jí báq nıaopoq. 1`] = `"𝑡 ⇐ ⟦tuom⟧, 𝑃 ⇐ ⟦jí⟧, 𝑡' ⇐ ⟦tuom⟧; bg (⟦da⟧ (λ𝑤 ∃𝑒 ⟦he⟧ (λ𝑄 ∀𝑎 𝑎 ≺ 𝑄 𝑤 → (∃𝑒' ⟦tam⟧ 𝑤 (⟦koacao⟧ 𝑤 𝑎) 𝑡' 𝑒')) (λ𝑄 λ𝑤' neg (λ𝑤'' λ𝑒' ∃𝑎 𝑎 ≺ 𝑃 𝑤' ∧ (∃𝑏 𝑏 ≺ 𝑄 𝑤' ∧ neg (λ𝑤''' ⟦tam⟧ 𝑤''' (⟦cho⟧ 𝑤''' 𝑏 𝑎) 𝑡) 𝑤'' 𝑒')) 𝑤') 𝑤 𝑒)); 𝑄 ⇐ kóacao; 𝑄 ⇒ kóacao, 𝑄 ⇒ hóq; λ𝑤 (𝑡'', 𝑅, 𝑡''' ⇐ topic (𝑄 𝑤) (𝑡'' ⇐ ⟦tuom⟧, 𝑅 ⇐ ⟦jí⟧, 𝑡''' ⇐ ⟦tuom⟧; 𝑡'', 𝑅, 𝑡'''); λ𝑤' (𝑆 ⇐ new (λ𝑆 ∀𝑎 𝑎 ≺ 𝑆 𝑤' → (∃𝑒 ⟦tam⟧ 𝑤' (⟦nıaopoq⟧ 𝑤' 𝑎) 𝑡''' 𝑒)); 𝑆 ⇒ níaopoq, 𝑆 ⇒ tá; ⟦da⟧ (λ𝑤'' ∀𝑎 𝑎 ≺ 𝑅 𝑤'' → (∀𝑏 𝑏 ≺ 𝑆 𝑤'' → (∃𝑒 ⟦tam⟧ 𝑤'' (⟦baı⟧ 𝑤'' 𝑏 𝑎) 𝑡'' 𝑒)))))"`;

exports[`possessives > Maı póq tú cheqbo. 1`] = `"𝑡 ⇐ ⟦tuom⟧, 𝑡' ⇐ ⟦tuom⟧, 𝑃 ⇐ salient; 𝑄 ⇐ póq; 𝑄 ⇒ póq, 𝑄 ⇒ hó; ⟦da⟧ (λ𝑤 ∀𝑎 𝑎 ≺ 𝑄 𝑤 → (∀𝑅 (∃𝑒 ⟦tam⟧ 𝑤 (𝑃 𝑤 [𝑏 | 𝑏 ⇐ 𝑄 𝑤, 𝑏 ≠ 𝑎] [𝑅 𝑤]) 𝑡' 𝑒) → (∃𝑒 ⟦tam⟧ 𝑤 (⟦maı⟧ 𝑤 (𝑅 𝑤) 𝑎) 𝑡 𝑒)))"`;

exports[`possessives > Paı jí báq poq da. Hobo ní chea. 1`] = `"λ𝑤 (𝑡 ⇐ ⟦tuom⟧, 𝑃 ⇐ ⟦jí⟧, 𝑡' ⇐ ⟦tuom⟧, 𝑡'' ⇐ ⟦tuom⟧, 𝑡''' ⇐ ⟦tuom⟧, 𝑄 ⇐ ⟦ní⟧ (λ𝑄 ∀𝑎 𝑎 ≺ 𝑄 𝑤 → (∃𝑒 ⟦tam⟧ 𝑤 (⟦chea⟧ 𝑤 𝑎) 𝑡''' 𝑒)), 𝑅 ⇐ salient; λ𝑤' (𝑆 ⇐ new (λ𝑆 ∀𝑎 𝑎 ≺ 𝑆 𝑤' → (∃𝑒 ⟦tam⟧ 𝑤' (⟦poq⟧ 𝑤' 𝑎) 𝑡' 𝑒)); 𝑆 ⇒ póq, 𝑆 ⇒ hó, 𝑄 ⇒ chéa, 𝑄 ⇒ máq; ⟦da⟧ (λ𝑤'' ∀𝑎 𝑎 ≺ 𝑃 𝑤'' → (∀𝑏 𝑏 ≺ 𝑆 𝑤'' → (∃𝑒 ⟦tam⟧ 𝑤'' (⟦paı⟧ 𝑤'' 𝑏 𝑎) 𝑡 𝑒))), ⟦da⟧ (λ𝑤'' ∃𝑒 ⟦tam⟧ 𝑤'' (𝑅 𝑤'' (𝑆 𝑤'') (𝑄 𝑤'')) 𝑡'' 𝑒)))"`;

exports[`predicatizers > Kuaı jí pó nánı hea bâq nam. 1`] = `"λ𝑤 (𝑡 ⇐ ⟦tuom⟧, 𝑃 ⇐ ⟦jí⟧, 𝑡' ⇐ ⟦tuom⟧, 𝑄 ⇐ salient, 𝑡'' ⇐ ⟦tuom⟧, 𝑡''' ⇐ ⟦tuom⟧, 𝑅, 𝑆 ⇐ ⟦nánı⟧ (λ𝑅, 𝑆 (∀𝑎 𝑎 ≺ 𝑅 𝑤 → (∃𝑒 ⟦tam⟧ 𝑤 (⟦nam⟧ 𝑤 𝑎) 𝑡''' 𝑒)) ∧ (∀𝑎 𝑎 ≺ 𝑆 𝑤 → (∃𝑒 ⟦tam⟧ 𝑤 (neg (λ𝑤' λ𝑒' ∃𝑏 𝑏 ≺ 𝑅 𝑤 ∧ neg (λ𝑤'' λ𝑒'' ⟦hea⟧ 𝑤'' 𝑏 𝑎 𝑒'') 𝑤' 𝑒') 𝑤) 𝑡'' 𝑒))); 𝑅 ⇒ nám, 𝑆 ⇒ héa, 𝑆 ⇒ máq; λ𝑤' (𝑇 ⇐ new (λ𝑇 ∃𝑒 ⟦tam⟧ 𝑤' (λ𝑒' 𝑄 𝑤' (𝑆 𝑤') (𝑇 𝑤') 𝑒') 𝑡' 𝑒); 𝑇 ⇒ tá; ⟦da⟧ (λ𝑤'' ∀𝑎 𝑎 ≺ 𝑃 𝑤'' → (∀𝑏 𝑏 ≺ 𝑇 𝑤'' → (∃𝑒 ⟦tam⟧ 𝑤'' (⟦kuaı⟧ 𝑤'' 𝑏 𝑎) 𝑡 𝑒)))))"`;

exports[`predicatizers > Mea íme nháo. 1`] = `"𝑡 ⇐ ⟦tuom⟧, 𝑃 ⇐ ⟦nháo⟧, 𝑄 ⇐ ⟦íme⟧; ⟦da⟧ (λ𝑤 ∀𝑎 𝑎 ≺ 𝑃 𝑤 → (∃𝑒 ⟦tam⟧ 𝑤 (λ𝑒' ⟦mea⟧ 𝑤 (𝑄 𝑤) 𝑎 𝑒') 𝑡 𝑒))"`;

exports[`questions > Pu hıa súq? 1`] = `"𝑡 ⇐ ⟦pu⟧, 𝑃 ⇐ ⟦súq⟧; ⟦móq⟧ (λ𝑤 qn (λ𝑄 true) (λ𝑄 ∃𝑒 ⟦tam⟧ 𝑤 (𝑄 𝑤 (𝑃 𝑤)) 𝑡 𝑒))"`;

exports[`questions > Âo, ꝡä kato jí, nä kıaı hí poq jí? 1`] = `"𝑃 ⇐ accessibility, 𝑡 ⇐ ⟦tuom⟧, 𝑄 ⇐ ⟦jí⟧, 𝑡' ⇐ ⟦tuom⟧, 𝑡'' ⇐ ⟦tuom⟧, 𝑅 ⇐ ⟦jí⟧; bg (⟦da⟧ (λ𝑤 ∃𝑎 𝑎 ≺ 𝑄 𝑤 ∧ ¬(∃𝑒 ⟦tam⟧ 𝑤 (⟦kato⟧ 𝑤 𝑎) 𝑡 𝑒))), ⟦móq⟧ (λ𝑤 qn (λ𝑆 ∀𝑎 𝑎 ≺ 𝑆 𝑤 → (∃𝑒 ⟦tam⟧ 𝑤 (⟦poq⟧ 𝑤 𝑎) 𝑡'' 𝑒)) (λ𝑆 ∀𝑤' 𝑃 𝑤 𝑤' ∧ (∀𝑎 𝑎 ≺ 𝑄 𝑤' → (∃𝑒 ⟦tam⟧ 𝑤' (⟦kato⟧ 𝑤' 𝑎) 𝑡 𝑒)) → (∀𝑎 𝑎 ≺ 𝑆 𝑤' → (∀𝑏 𝑏 ≺ 𝑅 𝑤' → (∃𝑒 ⟦tam⟧ 𝑤' (⟦kıaı⟧ 𝑤' 𝑏 𝑎) 𝑡' 𝑒)))))"`;

exports[`quotations > Kuq nháo mó «Ꝡoaq ní hao» teo. 1`] = `"𝑡 ⇐ ⟦tuom⟧, 𝑃 ⇐ ⟦nháo⟧, 𝑡' ⇐ ⟦tuom⟧; λ𝑤 (𝑄 ⇐ new (λ𝑄 ∀𝑎 𝑎 ≺ 𝑄 𝑤 → (∃𝑒 ⟦tam⟧ 𝑤 (⟦mo⟧ 𝑤 "Ꝡoaq ní hao" 𝑎) 𝑡' 𝑒)); 𝑄 ⇒ hụ́mo, 𝑄 ⇒ hóq; ⟦da⟧ (λ𝑤' ∀𝑎 𝑎 ≺ 𝑃 𝑤' → (∀𝑏 𝑏 ≺ 𝑄 𝑤' → (∃𝑒 ⟦tam⟧ 𝑤' (⟦kuq⟧ 𝑤' 𝑏 𝑎) 𝑡 𝑒))))"`;

exports[`quotations > Mo «Ꝡoaq ní hao» teo ní kaıse. 1`] = `"λ𝑤 (𝑡 ⇐ ⟦tuom⟧, 𝑡' ⇐ ⟦tuom⟧, 𝑃 ⇐ ⟦ní⟧ (λ𝑃 ∀𝑎 𝑎 ≺ 𝑃 𝑤 → (∃𝑒 ⟦tam⟧ 𝑤 (⟦kaıse⟧ 𝑤 𝑎) 𝑡' 𝑒)); 𝑃 ⇒ káıse, 𝑃 ⇒ hóq; ⟦da⟧ (λ𝑤' ∀𝑎 𝑎 ≺ 𝑃 𝑤' → (∃𝑒 ⟦tam⟧ 𝑤' (⟦mo⟧ 𝑤' "Ꝡoaq ní hao" 𝑎) 𝑡 𝑒)))"`;

exports[`quotations > Shu «madurudura» shúıtoa. 1`] = `"𝑡 ⇐ ⟦tuom⟧; 𝑃 ⇐ shúıtoa; 𝑃 ⇒ shúıtoa, 𝑃 ⇒ tá; ⟦da⟧ (λ𝑤 ∀𝑎 𝑎 ≺ 𝑃 𝑤 → (∃𝑒 ⟦tam⟧ 𝑤 (⟦shu⟧ 𝑤 "madurudura" 𝑎) 𝑡 𝑒))"`;

exports[`quotations > Shuıtoa shú «madurudura». 1`] = `"𝑡 ⇐ ⟦tuom⟧, 𝑡' ⇐ ⟦tuom⟧; λ𝑤 (𝑃 ⇐ new (λ𝑃 ∀𝑎 𝑎 ≺ 𝑃 𝑤 → (∃𝑒 ⟦tam⟧ 𝑤 (⟦shu⟧ 𝑤 "madurudura" 𝑎) 𝑡' 𝑒)); 𝑃 ⇒ hụ́shu, 𝑃 ⇒ hóq; ⟦da⟧ (λ𝑤' ∀𝑎 𝑎 ≺ 𝑃 𝑤' → (∃𝑒 ⟦tam⟧ 𝑤' (⟦shuıtoa⟧ 𝑤' 𝑎) 𝑡 𝑒)))"`;

exports[`reflexives and reciprocals > Jıa geq súho chéq ba. 1`] = `"𝑡 ⇐ ⟦jıa⟧, 𝑃 ⇐ ⟦súho⟧; ⟦ba⟧ (λ𝑤 ∀𝑎 𝑎 ≺ 𝑃 𝑤 → (∀𝑏 𝑏 ≺ 𝑃 𝑤 ∧ 𝑏 ≠ 𝑎 → (∃𝑒 ⟦tam⟧ 𝑤 (⟦geq⟧ 𝑤 𝑏 𝑎) 𝑡 𝑒)))"`;

exports[`reflexives and reciprocals > Kueqtua áma áqna gâq chéq. 1`] = `"𝑡 ⇐ ⟦tuom⟧, 𝑃 ⇐ ⟦áma⟧; ⟦da⟧ (λ𝑤 ∀𝑎 𝑎 ≺ 𝑃 𝑤 → (∀𝑏 𝑏 ≺ 𝑃 𝑤 ∧ 𝑏 ≠ 𝑎 → (∃𝑒 ⟦tam⟧ 𝑤 (λ𝑒' ⟦kueqtua⟧ 𝑤 (𝑃 𝑤) 𝑎 𝑒' ∧ (∃𝑒'' overlap 𝑤 𝑒'' 𝑒' ∧ ⟦gaq⟧ 𝑤 𝑏 𝑎 𝑒'')) 𝑡 𝑒)))"`;

exports[`reflexives and reciprocals > Kueqtua áma áqna. 1`] = `"𝑡 ⇐ ⟦tuom⟧, 𝑃 ⇐ ⟦áma⟧; ⟦da⟧ (λ𝑤 ∀𝑎 𝑎 ≺ 𝑃 𝑤 → (∃𝑒 ⟦tam⟧ 𝑤 (⟦kueqtua⟧ 𝑤 (𝑃 𝑤) 𝑎) 𝑡 𝑒))"`;

exports[`reflexives and reciprocals > Kıaı nhûq chéq úmo áq. 1`] = `"𝑡 ⇐ ⟦tuom⟧, 𝑃 ⇐ ⟦úmo⟧; ⟦da⟧ (λ𝑤 ∀𝑎 𝑎 ≺ 𝑃 𝑤 → (∀𝑏 𝑏 ≺ 𝑃 𝑤 ∧ 𝑏 ≠ 𝑎 → (∃𝑒 ⟦tam⟧ 𝑤 (λ𝑒' (∃𝑒'' ⟦nhuq⟧ 𝑤 𝑏 𝑒' 𝑒'') ∧ ⟦kıaı⟧ 𝑤 𝑎 𝑎 𝑒') 𝑡 𝑒)))"`;

exports[`reflexives and reciprocals > Kıaı nhûq chéq úmo áqna. 1`] = `"𝑡 ⇐ ⟦tuom⟧, 𝑃 ⇐ ⟦úmo⟧; ⟦da⟧ (λ𝑤 ∀𝑎 𝑎 ≺ 𝑃 𝑤 → (∀𝑏 𝑏 ≺ 𝑃 𝑤 → (∀𝑐 𝑐 ≺ 𝑃 𝑤 ∧ 𝑐 ≠ 𝑎 → (∃𝑒 ⟦tam⟧ 𝑤 (λ𝑒' (∃𝑒'' ⟦nhuq⟧ 𝑤 𝑐 𝑒' 𝑒'') ∧ ⟦kıaı⟧ 𝑤 𝑏 𝑎 𝑒') 𝑡 𝑒))))"`;

exports[`reflexives and reciprocals > Kıaı úmo áq nhûq chéq. 1`] = `"𝑡 ⇐ ⟦tuom⟧, 𝑃 ⇐ ⟦úmo⟧; ⟦da⟧ (λ𝑤 ∀𝑎 𝑎 ≺ 𝑃 𝑤 → (∀𝑏 𝑏 ≺ 𝑃 𝑤 ∧ 𝑏 ≠ 𝑎 → (∃𝑒 ⟦tam⟧ 𝑤 (λ𝑒' ⟦kıaı⟧ 𝑤 𝑎 𝑎 𝑒' ∧ (∃𝑒'' ⟦nhuq⟧ 𝑤 𝑏 𝑒' 𝑒'')) 𝑡 𝑒)))"`;

exports[`reflexives and reciprocals > Po póq káto pâı chéq. 1`] = `"𝑡 ⇐ ⟦tuom⟧, 𝑃 ⇐ salient; 𝑄 ⇐ póq; 𝑄 ⇒ póq, 𝑄 ⇒ hó; 𝑅 ⇐ káto; 𝑅 ⇒ káto; ⟦da⟧ (λ𝑤 ∀𝑎 𝑎 ≺ 𝑅 𝑤 → (∀𝑏 𝑏 ≺ 𝑅 𝑤 ∧ 𝑏 ≠ 𝑎 → (∃𝑒 ⟦tam⟧ 𝑤 (λ𝑒' 𝑃 𝑤 (𝑄 𝑤) [𝑎] 𝑒' ∧ (∃𝑒'' overlap 𝑤 𝑒'' 𝑒' ∧ ⟦paı⟧ 𝑤 𝑏 𝑎 𝑒'')) 𝑡 𝑒)))"`;

exports[`reflexives and reciprocals > Tua de jí áq. 1`] = `"𝑡 ⇐ ⟦tuom⟧, 𝑃 ⇐ ⟦jí⟧; ⟦da⟧ (λ𝑤 ∀𝑎 𝑎 ≺ 𝑃 𝑤 → (∃𝑒 ⟦tam⟧ 𝑤 (λ𝑒' ∃𝑏 ⟦ꝡä⟧ 𝑤 (λ𝑤' ∃𝑒'' ⟦de⟧ 𝑤' 𝑎 𝑒'') 𝑏 ∧ ⟦tua⟧ 𝑤 𝑏 𝑎 𝑒') 𝑡 𝑒))"`;

exports[`reflexives and reciprocals > Tua de nhána chéq. 1`] = `"𝑡 ⇐ ⟦tuom⟧, 𝑃 ⇐ ⟦nhána⟧; ⟦da⟧ (λ𝑤 ∀𝑎 𝑎 ≺ 𝑃 𝑤 → (∀𝑏 𝑏 ≺ 𝑃 𝑤 ∧ 𝑏 ≠ 𝑎 → (∃𝑒 ⟦tam⟧ 𝑤 (λ𝑒' ∃𝑐 ⟦ꝡä⟧ 𝑤 (λ𝑤' ∃𝑒'' ⟦de⟧ 𝑤' 𝑏 𝑒'') 𝑐 ∧ ⟦tua⟧ 𝑤 𝑐 𝑎 𝑒') 𝑡 𝑒)))"`;

exports[`reflexives and reciprocals > Zao túq poq chéq. 1`] = `"𝑡 ⇐ ⟦tuom⟧, 𝑡' ⇐ ⟦tuom⟧; λ𝑤 (λ𝑤' [𝑎 | 𝑎 ⇐ universe, ∃𝑒 ⟦tam⟧ 𝑤' (⟦poq⟧ 𝑤' 𝑎) 𝑡' 𝑒] ⇒ póq, λ𝑤' [𝑎 | 𝑎 ⇐ universe, ∃𝑒 ⟦tam⟧ 𝑤' (⟦poq⟧ 𝑤' 𝑎) 𝑡' 𝑒] ⇒ hó; ⟦da⟧ (λ𝑤' ∀𝑎 (∃𝑒 ⟦tam⟧ 𝑤' (⟦poq⟧ 𝑤' 𝑎) 𝑡' 𝑒) → (∀𝑏 (∃𝑒 ⟦tam⟧ 𝑤' (⟦poq⟧ 𝑤' 𝑏) 𝑡' 𝑒) ∧ 𝑏 ≠ 𝑎 → (∃𝑒 ⟦tam⟧ 𝑤' (⟦zao⟧ 𝑤' 𝑏 𝑎) 𝑡 𝑒))))"`;

exports[`relative clauses > Tao sá poq, ꝡë doı tú Toaq hóa, sá raı. 1`] = `"𝑡 ⇐ ⟦tuom⟧, 𝑡' ⇐ ⟦tuom⟧, 𝑡'' ⇐ ⟦tuom⟧, 𝑡''' ⇐ ⟦tuom⟧, 𝑡'''' ⇐ ⟦tuom⟧; ⟦da⟧ (λ𝑤 ∃𝑃 (∀𝑎 𝑎 ≺ 𝑃 𝑤 → (∃𝑒 ⟦tam⟧ 𝑤 (⟦poq⟧ 𝑤 𝑎) 𝑡' 𝑒)) ∧ (∀𝑄 (∃𝑒 ⟦tam⟧ 𝑤 (⟦Toaq⟧ 𝑤 (𝑄 𝑤)) 𝑡''' 𝑒) → (∀𝑎 𝑎 ≺ 𝑃 𝑤 → (∃𝑒 ⟦tam⟧ 𝑤 (⟦doı⟧ 𝑤 𝑎 (𝑄 𝑤)) 𝑡'' 𝑒))) ∧ (∃𝑄 (∀𝑎 𝑎 ≺ 𝑄 𝑤 → (∃𝑒 ⟦tam⟧ 𝑤 (⟦raı⟧ 𝑤 𝑎) 𝑡'''' 𝑒)) ∧ (∀𝑎 𝑎 ≺ 𝑃 𝑤 → (∀𝑏 𝑏 ≺ 𝑄 𝑤 → (∃𝑒 ⟦tam⟧ 𝑤 (⟦tao⟧ 𝑤 𝑏 𝑎) 𝑡 𝑒)))))"`;

exports[`serials > Du kuqnu gı ráı. 1`] = `"𝑡 ⇐ ⟦tuom⟧; 𝑃 ⇐ ráı; 𝑃 ⇒ ráı; ⟦da⟧ (λ𝑤 ∀𝑎 𝑎 ≺ 𝑃 𝑤 → (∃𝑒 ⟦tam⟧ 𝑤 (λ𝑒' ∃𝑏 ⟦ꝡä⟧ 𝑤 (λ𝑤' ∃𝑐 ⟦ꝡä⟧ 𝑤' (λ𝑤'' ∃𝑒'' ⟦gı⟧ 𝑤'' 𝑎 𝑒'') 𝑐 ∧ (∃𝑒'' ⟦kuqnu⟧ 𝑤' 𝑐 𝑒'')) 𝑏 ∧ ⟦du⟧ 𝑤 𝑏 𝑒') 𝑡 𝑒))"`;

exports[`serials > Tua poaq góchıq ké jegaq. 1`] = `"λ𝑤 (𝑡 ⇐ ⟦tuom⟧, 𝑡' ⇐ ⟦tuom⟧, 𝑃 ⇐ ⟦ké⟧ (λ𝑃 ∀𝑎 𝑎 ≺ 𝑃 𝑤 → (∃𝑒 ⟦tam⟧ 𝑤 (⟦jegaq⟧ 𝑤 𝑎) 𝑡' 𝑒)); 𝑃 ⇒ jégaq, 𝑃 ⇒ tá; 𝑄 ⇐ góchıq; 𝑄 ⇒ góchıq; ⟦da⟧ (λ𝑤' ∀𝑎 𝑎 ≺ 𝑄 𝑤' → (∀𝑏 𝑏 ≺ 𝑃 𝑤' → (∃𝑒 ⟦tam⟧ 𝑤' (λ𝑒' ∃𝑐 ⟦ꝡä⟧ 𝑤' (λ𝑤'' ∃𝑒'' ⟦poaq⟧ 𝑤'' 𝑏 𝑒'') 𝑐 ∧ ⟦tua⟧ 𝑤' 𝑐 𝑎 𝑒') 𝑡 𝑒))))"`;

exports[`topics > Ké patı bï marao hú shı. 1`] = `"λ𝑤 (𝑡 ⇐ ⟦tuom⟧, 𝑃 ⇐ ⟦ké⟧ (λ𝑃 ∀𝑎 𝑎 ≺ 𝑃 𝑤 → (∃𝑒 ⟦tam⟧ 𝑤 (⟦patı⟧ 𝑤 𝑎) 𝑡 𝑒)), 𝑡', 𝑄 ⇐ topic (𝑃 𝑤) (𝑡' ⇐ ⟦tuom⟧, 𝑡'' ⇐ ⟦tuom⟧, 𝑄 ⇐ ⟦hú⟧ (λ𝑄 ∃𝑒 ⟦tam⟧ 𝑤 (⟦shı⟧ 𝑤 (𝑄 𝑤)) 𝑡'' 𝑒); 𝑡', 𝑄); 𝑃 ⇒ pátı, 𝑃 ⇒ hóq, 𝑄 ⇒ shí, 𝑄 ⇒ tá; ⟦da⟧ (λ𝑤' ∀𝑎 𝑎 ≺ 𝑄 𝑤' → (∃𝑒 ⟦tam⟧ 𝑤' (⟦marao⟧ 𝑤' 𝑎) 𝑡' 𝑒)))"`;

exports[`topics > Níchaq bï tao jí ké zuo hôq nha. 1`] = `"𝑃 ⇐ níchaq; 𝑃 ⇒ níchaq; λ𝑤 (𝑡, 𝑄, 𝑅 ⇐ topic (𝑃 𝑤) (𝑡 ⇐ ⟦tuom⟧, 𝑄 ⇐ ⟦jí⟧, 𝑡' ⇐ ⟦tuom⟧, 𝑅 ⇐ ⟦ké⟧ (λ𝑅 ∀𝑎 𝑎 ≺ 𝑅 𝑤 → (∃𝑒 ⟦tam⟧ 𝑤 (neg (λ𝑤' λ𝑒' ∃𝑏 𝑏 ≺ 𝑃 𝑤 ∧ neg (λ𝑤'' λ𝑒'' ⟦zuo⟧ 𝑤'' 𝑏 𝑎 𝑒'') 𝑤' 𝑒') 𝑤) 𝑡' 𝑒)); 𝑡, 𝑄, 𝑅); 𝑅 ⇒ zúo, 𝑅 ⇒ hóq; ⟦nha⟧ (λ𝑤' ∀𝑎 𝑎 ≺ 𝑄 𝑤' → (∀𝑏 𝑏 ≺ 𝑅 𝑤' → (∃𝑒 ⟦tam⟧ 𝑤' (⟦tao⟧ 𝑤' 𝑏 𝑎) 𝑡 𝑒))))"`;

exports[`topics > Níchaq bï tao ké poq, ꝡë bo hóa báq taqchao, ké maqbo. 1`] = `"𝑃 ⇐ níchaq; 𝑃 ⇒ níchaq, 𝑃 ⇒ hóq; λ𝑤 (𝑡, 𝑄, 𝑅, 𝑆 ⇐ topic (𝑃 𝑤) (𝑡 ⇐ ⟦tuom⟧, 𝑡' ⇐ ⟦tuom⟧, 𝑡'' ⇐ ⟦tuom⟧, 𝑡''' ⇐ ⟦tuom⟧, 𝑄, 𝑅 ⇐ ⟦ké⟧ (λ𝑄, 𝑅 (∀𝑎 𝑎 ≺ 𝑄 𝑤 → (∃𝑒 ⟦tam⟧ 𝑤 (⟦taqchao⟧ 𝑤 𝑎) 𝑡''' 𝑒)) ∧ (∀𝑎 𝑎 ≺ 𝑅 𝑤 → (∃𝑒 ⟦tam⟧ 𝑤 (⟦poq⟧ 𝑤 𝑎) 𝑡' 𝑒)) ∧ (∀𝑎 𝑎 ≺ 𝑅 𝑤 → (∀𝑏 𝑏 ≺ 𝑄 𝑤 → (∃𝑒 ⟦tam⟧ 𝑤 (⟦bo⟧ 𝑤 𝑏 𝑎) 𝑡'' 𝑒)))), 𝑡'''' ⇐ ⟦tuom⟧, 𝑆 ⇐ salient, 𝑇 ⇐ ⟦ké⟧ (λ𝑇 ∃𝑒 ⟦tam⟧ 𝑤 (𝑆 𝑤 (𝑄 𝑤) (𝑇 𝑤)) 𝑡'''' 𝑒); 𝑡, 𝑄, 𝑅, 𝑇); 𝑄 ⇒ táqchao, 𝑄 ⇒ máq, 𝑅 ⇒ póq, 𝑅 ⇒ hó, 𝑆 ⇒ máqbo, 𝑆 ⇒ tá; ⟦da⟧ (λ𝑤' ∀𝑎 𝑎 ≺ 𝑅 𝑤' → (∀𝑏 𝑏 ≺ 𝑆 𝑤' → (∃𝑒 ⟦tam⟧ 𝑤' (⟦tao⟧ 𝑤' 𝑏 𝑎) 𝑡 𝑒))))"`;

exports[`topics > Níchaq bï tao nánı poq ké zuo hôq nha. 1`] = `"𝑃 ⇐ níchaq; 𝑃 ⇒ níchaq; λ𝑤 (𝑡, 𝑄, 𝑅 ⇐ topic (𝑃 𝑤) (𝑡 ⇐ ⟦tuom⟧, 𝑡' ⇐ ⟦tuom⟧, 𝑄 ⇐ ⟦nánı⟧ (λ𝑄 ∀𝑎 𝑎 ≺ 𝑄 𝑤 → (∃𝑒 ⟦tam⟧ 𝑤 (⟦poq⟧ 𝑤 𝑎) 𝑡' 𝑒)), 𝑡'' ⇐ ⟦tuom⟧, 𝑅 ⇐ ⟦ké⟧ (λ𝑅 ∀𝑎 𝑎 ≺ 𝑅 𝑤 → (∃𝑒 ⟦tam⟧ 𝑤 (neg (λ𝑤' λ𝑒' ∃𝑏 𝑏 ≺ 𝑃 𝑤 ∧ neg (λ𝑤'' λ𝑒'' ⟦zuo⟧ 𝑤'' 𝑏 𝑎 𝑒'') 𝑤' 𝑒') 𝑤) 𝑡'' 𝑒)); 𝑡, 𝑄, 𝑅); 𝑅 ⇒ zúo, 𝑅 ⇒ hóq, 𝑄 ⇒ póq, 𝑄 ⇒ hó; ⟦nha⟧ (λ𝑤' ∀𝑎 𝑎 ≺ 𝑄 𝑤' → (∀𝑏 𝑏 ≺ 𝑅 𝑤' → (∃𝑒 ⟦tam⟧ 𝑤' (⟦tao⟧ 𝑤' 𝑏 𝑎) 𝑡 𝑒))))"`;

exports[`topics > Níchaq bï za ruqshua. 1`] = `"𝑃 ⇐ níchaq; 𝑃 ⇒ níchaq, 𝑃 ⇒ hóq; λ𝑤 (𝑡 ⇐ topic (𝑃 𝑤) ⟦tuom⟧; ⟦da⟧ (λ𝑤' ∃𝑒 ⟦za⟧ 𝑤' (⟦ruqshua⟧ 𝑤') 𝑡 𝑒))"`;

exports[`vocatives > Buetı jí hóı máma. 1`] = `"𝑃 ⇐ máma; 𝑃 ⇒ máma, 𝑃 ⇒ hó; λ𝑤 (𝑡 ⇐ ⟦tuom⟧, 𝑄 ⇐ ⟦jí⟧, address (𝑃 𝑤); ⟦da⟧ (λ𝑤' ∀𝑎 𝑎 ≺ 𝑄 𝑤' → (∃𝑒 ⟦tam⟧ 𝑤' (⟦buetı⟧ 𝑤' 𝑎) 𝑡 𝑒)))"`;
